[Errno 2] No such file or directory: '/mnt/sicong/render_test/PRED_DEPTH/140011549547033/305_0_depth.npy'
[Errno 2] No such file or directory: '/mnt/sicong/render_test/PRED_DEPTH/141311549302431/270_0_depth.npy'
[Errno 2] No such file or directory: '/mnt/sicong/render_test/PRED_DEPTH/133211555167942/310_10_depth.npy'
[Errno 2] No such file or directory: '/mnt/sicong/render_test/PRED_DEPTH/134211542644448/325_10_depth.npy'
[Errno 2] No such file or directory: '/mnt/sicong/render_test/PRED_DEPTH/131411539540984/285_10_depth.npy'
[Errno 2] No such file or directory: '/mnt/sicong/render_test/PRED_DEPTH/0434/0_0_depth.npy'
[Errno 2] No such file or directory: '/mnt/sicong/render_test/PRED_DEPTH/0434/115_-10_depth.npy'
[Errno 2] No such file or directory: '/mnt/sicong/render_test/PRED_DEPTH/0474/0_0_depth.npy'
[Errno 2] No such file or directory: '/mnt/sicong/render_test/PRED_DEPTH/0474/85_-10_depth.npy'
[Errno 2] No such file or directory: '/mnt/sicong/render_test/PRED_DEPTH/0487/0_0_depth.npy'
[Errno 2] No such file or directory: '/mnt/sicong/render_test/PRED_DEPTH/0487/320_0_depth.npy'
[Errno 2] No such file or directory: '/mnt/sicong/render_test/PRED_DEPTH/0515/0_0_depth.npy'
[Errno 2] No such file or directory: '/mnt/sicong/render_test/PRED_DEPTH/0515/305_0_depth.npy'
[Errno 2] No such file or directory: '/mnt/sicong/render_test/PRED_DEPTH/0332/290_20_depth.npy'
[Errno 2] No such file or directory: '/mnt/sicong/render_test/PRED_DEPTH/0329/80_20_depth.npy'
[Errno 2] No such file or directory: '/mnt/sicong/render_test/PRED_DEPTH/0314/65_10_depth.npy'
[Errno 2] No such file or directory: '/mnt/sicong/render_test/PRED_DEPTH/0319/295_20_depth.npy'
[Errno 2] No such file or directory: '/mnt/sicong/render_test/PRED_DEPTH/0346/165_20_depth.npy'
[Errno 2] No such file or directory: '/mnt/sicong/render_test/PRED_DEPTH/0360/135_20_depth.npy'
[Errno 2] No such file or directory: '/mnt/sicong/render_test/PRED_DEPTH/0408/0_0_depth.npy'
[Errno 2] No such file or directory: '/mnt/sicong/render_test/PRED_DEPTH/0408/340_-10_depth.npy'
[Errno 2] No such file or directory: '/mnt/sicong/render_test/PRED_DEPTH/0357/355_10_depth.npy'
[Errno 2] No such file or directory: '/mnt/sicong/render_test/PRED_DEPTH/0141/200_-10_depth.npy'
[Errno 2] No such file or directory: '/mnt/sicong/render_test/PRED_DEPTH/0186/305_0_depth.npy'
[Errno 2] No such file or directory: '/mnt/sicong/render_test/PRED_DEPTH/0200/35_-10_depth.npy'
[Errno 2] No such file or directory: '/mnt/sicong/render_test/PRED_DEPTH/0169/0_-10_depth.npy'
[Errno 2] No such file or directory: '/mnt/sicong/render_test/PRED_DEPTH/0155/70_-10_depth.npy'
[Errno 2] No such file or directory: '/mnt/sicong/render_test/PRED_DEPTH/0172/5_-10_depth.npy'
[Errno 2] No such file or directory: '/mnt/sicong/render_test/PRED_DEPTH/0158/105_-10_depth.npy'
[Errno 2] No such file or directory: '/mnt/sicong/render_test/PRED_DEPTH/0144/190_-10_depth.npy'
[Errno 2] No such file or directory: '/mnt/sicong/render_test/PRED_DEPTH/0384/160_-20_depth.npy'
[Errno 2] No such file or directory: '/mnt/sicong/render_test/PRED_DEPTH/0356/175_-20_depth.npy'
[Errno 2] No such file or directory: '/mnt/sicong/render_test/PRED_DEPTH/0221/270_0_depth.npy'
[Errno 2] No such file or directory: '/mnt/sicong/render_test/PRED_DEPTH/0234/345_0_depth.npy'
[Errno 2] No such file or directory: '/mnt/sicong/render_test/PRED_DEPTH/0292/75_0_depth.npy'
[Errno 2] No such file or directory: '/mnt/sicong/render_test/PRED_DEPTH/0208/45_-10_depth.npy'
[Errno 2] No such file or directory: '/mnt/sicong/render_test/PRED_DEPTH/0214/20_-10_depth.npy'
[Errno 2] No such file or directory: '/mnt/sicong/render_test/PRED_DEPTH/0278/35_0_depth.npy'
[Errno 2] No such file or directory: '/mnt/sicong/render_test/PRED_DEPTH/0270/265_0_depth.npy'
[Errno 2] No such file or directory: '/mnt/sicong/render_test/PRED_DEPTH/0256/260_0_depth.npy'
[Errno 2] No such file or directory: '/mnt/sicong/render_test/PRED_DEPTH/0242/0_-10_depth.npy'
[Errno 2] No such file or directory: '/mnt/sicong/render_test/PRED_DEPTH/0228/335_0_depth.npy'